// Jest Snapshot v1, https://goo.gl/fbAQLP

exports[`Filter should render snapshot 1`] = `
<div>
  <div
    class="sc-gtcAbF jfXzsC"
  >
    <p
      class="sc-dkXrac lbHbYC"
    >
      Title
    </p>
    <div>
      <p
        class="sc-hKVryf kiBiQw"
      >
        Pre√ßo
      </p>
      <div
        class="sc-eCQiwC cPAvbM"
      >
        <ul>
          <li>
            <input
              type="checkbox"
            />
            <span />
          </li>
          <li>
            <input
              type="checkbox"
            />
            <span />
          </li>
          <li>
            <input
              type="checkbox"
            />
            <span />
          </li>
          <li>
            <input
              type="checkbox"
            />
            <span />
          </li>
        </ul>
      </div>
    </div>
  </div>
</div>
`;
