// Jest Snapshot v1, https://goo.gl/fbAQLP

exports[`Buttoon should render snapshot 1`] = `
<div>
  <button
    class="sc-bdDrbm dGflXy"
    type="button"
  />
</div>
`;
