// Jest Snapshot v1, https://goo.gl/fbAQLP

exports[`renders learn react link snapshot 1`] = `
<div>
  New App
</div>
`;
